D:/Document_from_C/2025_2/Henhung/BTL_me/HeNhung/Core/Src/main.c:1208:13:SPI5_Write	16	static
D:/Document_from_C/2025_2/Henhung/BTL_me/HeNhung/Core/Src/main.c:1320:6:StartDefaultTask	8	static
D:/Document_from_C/2025_2/Henhung/BTL_me/HeNhung/Core/Src/main.c:233:13:BuzzerMusic_ApplyTone	16	static
D:/Document_from_C/2025_2/Henhung/BTL_me/HeNhung/Core/Src/main.c:275:13:BuzzerMusic_LoadLoopStep	16	static
D:/Document_from_C/2025_2/Henhung/BTL_me/HeNhung/Core/Src/main.c:320:6:BuzzerMusic_Init	56	static
D:/Document_from_C/2025_2/Henhung/BTL_me/HeNhung/Core/Src/main.c:299:13:BuzzerMusic_PlayEffect	32	static
D:/Document_from_C/2025_2/Henhung/BTL_me/HeNhung/Core/Src/main.c:361:6:BuzzerMusic_StartGameLoop	8	static
D:/Document_from_C/2025_2/Henhung/BTL_me/HeNhung/Core/Src/main.c:377:6:BuzzerMusic_Stop	0	static
D:/Document_from_C/2025_2/Henhung/BTL_me/HeNhung/Core/Src/main.c:390:6:BuzzerMusic_Update	24	static
D:/Document_from_C/2025_2/Henhung/BTL_me/HeNhung/Core/Src/main.c:430:6:BuzzerMusic_Accent	0	static
D:/Document_from_C/2025_2/Henhung/BTL_me/HeNhung/Core/Src/main.c:435:6:BuzzerMusic_PaddleBounce	0	static
D:/Document_from_C/2025_2/Henhung/BTL_me/HeNhung/Core/Src/main.c:440:6:BuzzerMusic_WallBounce	0	static
D:/Document_from_C/2025_2/Henhung/BTL_me/HeNhung/Core/Src/main.c:548:6:SystemClock_Config	96	static
D:/Document_from_C/2025_2/Henhung/BTL_me/HeNhung/Core/Src/main.c:951:6:MX_ADC1_Init	8	static
D:/Document_from_C/2025_2/Henhung/BTL_me/HeNhung/Core/Src/main.c:969:6:MX_USART1_UART_Init	8	static
D:/Document_from_C/2025_2/Henhung/BTL_me/HeNhung/Core/Src/main.c:450:5:main	112	static
D:/Document_from_C/2025_2/Henhung/BTL_me/HeNhung/Core/Src/main.c:1052:6:IOE_Init	0	static
D:/Document_from_C/2025_2/Henhung/BTL_me/HeNhung/Core/Src/main.c:1061:6:IOE_ITConfig	0	static
D:/Document_from_C/2025_2/Henhung/BTL_me/HeNhung/Core/Src/main.c:1073:6:IOE_Write	32	static
D:/Document_from_C/2025_2/Henhung/BTL_me/HeNhung/Core/Src/main.c:1084:9:IOE_Read	32	static
D:/Document_from_C/2025_2/Henhung/BTL_me/HeNhung/Core/Src/main.c:1097:10:IOE_ReadMultiple	24	static
D:/Document_from_C/2025_2/Henhung/BTL_me/HeNhung/Core/Src/main.c:1106:6:IOE_Delay	0	static
D:/Document_from_C/2025_2/Henhung/BTL_me/HeNhung/Core/Src/main.c:1234:6:LCD_IO_Init	8	static
D:/Document_from_C/2025_2/Henhung/BTL_me/HeNhung/Core/Src/main.c:1244:6:LCD_IO_WriteData	8	static
D:/Document_from_C/2025_2/Henhung/BTL_me/HeNhung/Core/Src/main.c:1260:6:LCD_IO_WriteReg	8	static
D:/Document_from_C/2025_2/Henhung/BTL_me/HeNhung/Core/Src/main.c:1279:10:LCD_IO_ReadData	24	static
D:/Document_from_C/2025_2/Henhung/BTL_me/HeNhung/Core/Src/main.c:1306:6:LCD_Delay	0	static
D:/Document_from_C/2025_2/Henhung/BTL_me/HeNhung/Core/Src/main.c:1339:6:HAL_TIM_PeriodElapsedCallback	0	static
D:/Document_from_C/2025_2/Henhung/BTL_me/HeNhung/Core/Src/main.c:1358:6:Error_Handler	0	static
