D:/Document_from_C/2025_2/Henhung/btl_157/MyApp/Core/Src/main.c:932:13:SPI5_Write	1
D:/Document_from_C/2025_2/Henhung/btl_157/MyApp/Core/Src/main.c:1044:6:StartDefaultTask	1
D:/Document_from_C/2025_2/Henhung/btl_157/MyApp/Core/Src/main.c:272:6:SystemClock_Config	1
D:/Document_from_C/2025_2/Henhung/btl_157/MyApp/Core/Src/main.c:675:6:MX_ADC1_Init	1
D:/Document_from_C/2025_2/Henhung/btl_157/MyApp/Core/Src/main.c:693:6:MX_USART1_UART_Init	1
D:/Document_from_C/2025_2/Henhung/btl_157/MyApp/Core/Src/main.c:179:5:main	1
D:/Document_from_C/2025_2/Henhung/btl_157/MyApp/Core/Src/main.c:776:6:IOE_Init	1
D:/Document_from_C/2025_2/Henhung/btl_157/MyApp/Core/Src/main.c:785:6:IOE_ITConfig	1
D:/Document_from_C/2025_2/Henhung/btl_157/MyApp/Core/Src/main.c:797:6:IOE_Write	1
D:/Document_from_C/2025_2/Henhung/btl_157/MyApp/Core/Src/main.c:808:9:IOE_Read	1
D:/Document_from_C/2025_2/Henhung/btl_157/MyApp/Core/Src/main.c:821:10:IOE_ReadMultiple	1
D:/Document_from_C/2025_2/Henhung/btl_157/MyApp/Core/Src/main.c:830:6:IOE_Delay	1
D:/Document_from_C/2025_2/Henhung/btl_157/MyApp/Core/Src/main.c:958:6:LCD_IO_Init	1
D:/Document_from_C/2025_2/Henhung/btl_157/MyApp/Core/Src/main.c:968:6:LCD_IO_WriteData	1
D:/Document_from_C/2025_2/Henhung/btl_157/MyApp/Core/Src/main.c:984:6:LCD_IO_WriteReg	1
D:/Document_from_C/2025_2/Henhung/btl_157/MyApp/Core/Src/main.c:1003:10:LCD_IO_ReadData	1
D:/Document_from_C/2025_2/Henhung/btl_157/MyApp/Core/Src/main.c:1030:6:LCD_Delay	1
D:/Document_from_C/2025_2/Henhung/btl_157/MyApp/Core/Src/main.c:1063:6:HAL_TIM_PeriodElapsedCallback	2
D:/Document_from_C/2025_2/Henhung/btl_157/MyApp/Core/Src/main.c:1080:6:Error_Handler	1
