D:/Document_from_C/2025_2/Henhung/BTL_me/HeNhung/Core/Src/main.c:1229:13:SPI5_Write	16	static
D:/Document_from_C/2025_2/Henhung/BTL_me/HeNhung/Core/Src/main.c:1341:6:StartDefaultTask	8	static
D:/Document_from_C/2025_2/Henhung/BTL_me/HeNhung/Core/Src/main.c:233:13:BuzzerMusic_ApplyTone	16	static
D:/Document_from_C/2025_2/Henhung/BTL_me/HeNhung/Core/Src/main.c:275:13:BuzzerMusic_LoadLoopStep	16	static
D:/Document_from_C/2025_2/Henhung/BTL_me/HeNhung/Core/Src/main.c:320:6:BuzzerMusic_Init	56	static
D:/Document_from_C/2025_2/Henhung/BTL_me/HeNhung/Core/Src/main.c:299:13:BuzzerMusic_PlayEffect	32	static
D:/Document_from_C/2025_2/Henhung/BTL_me/HeNhung/Core/Src/main.c:361:6:BuzzerMusic_StartGameLoop	8	static
D:/Document_from_C/2025_2/Henhung/BTL_me/HeNhung/Core/Src/main.c:377:6:BuzzerMusic_Stop	0	static
D:/Document_from_C/2025_2/Henhung/BTL_me/HeNhung/Core/Src/main.c:397:6:BuzzerMusic_PauseLoop	0	static
D:/Document_from_C/2025_2/Henhung/BTL_me/HeNhung/Core/Src/main.c:407:6:BuzzerMusic_Update	24	static
D:/Document_from_C/2025_2/Henhung/BTL_me/HeNhung/Core/Src/main.c:447:6:BuzzerMusic_Accent	0	static
D:/Document_from_C/2025_2/Henhung/BTL_me/HeNhung/Core/Src/main.c:452:6:BuzzerMusic_PaddleBounce	0	static
D:/Document_from_C/2025_2/Henhung/BTL_me/HeNhung/Core/Src/main.c:457:6:BuzzerMusic_WallBounce	0	static
D:/Document_from_C/2025_2/Henhung/BTL_me/HeNhung/Core/Src/main.c:569:6:SystemClock_Config	96	static
D:/Document_from_C/2025_2/Henhung/BTL_me/HeNhung/Core/Src/main.c:972:6:MX_ADC1_Init	8	static
D:/Document_from_C/2025_2/Henhung/BTL_me/HeNhung/Core/Src/main.c:990:6:MX_USART1_UART_Init	8	static
D:/Document_from_C/2025_2/Henhung/BTL_me/HeNhung/Core/Src/main.c:467:5:main	112	static
D:/Document_from_C/2025_2/Henhung/BTL_me/HeNhung/Core/Src/main.c:1073:6:IOE_Init	0	static
D:/Document_from_C/2025_2/Henhung/BTL_me/HeNhung/Core/Src/main.c:1082:6:IOE_ITConfig	0	static
D:/Document_from_C/2025_2/Henhung/BTL_me/HeNhung/Core/Src/main.c:1094:6:IOE_Write	32	static
D:/Document_from_C/2025_2/Henhung/BTL_me/HeNhung/Core/Src/main.c:1105:9:IOE_Read	32	static
D:/Document_from_C/2025_2/Henhung/BTL_me/HeNhung/Core/Src/main.c:1118:10:IOE_ReadMultiple	24	static
D:/Document_from_C/2025_2/Henhung/BTL_me/HeNhung/Core/Src/main.c:1127:6:IOE_Delay	0	static
D:/Document_from_C/2025_2/Henhung/BTL_me/HeNhung/Core/Src/main.c:1255:6:LCD_IO_Init	8	static
D:/Document_from_C/2025_2/Henhung/BTL_me/HeNhung/Core/Src/main.c:1265:6:LCD_IO_WriteData	8	static
D:/Document_from_C/2025_2/Henhung/BTL_me/HeNhung/Core/Src/main.c:1281:6:LCD_IO_WriteReg	8	static
D:/Document_from_C/2025_2/Henhung/BTL_me/HeNhung/Core/Src/main.c:1300:10:LCD_IO_ReadData	24	static
D:/Document_from_C/2025_2/Henhung/BTL_me/HeNhung/Core/Src/main.c:1327:6:LCD_Delay	0	static
D:/Document_from_C/2025_2/Henhung/BTL_me/HeNhung/Core/Src/main.c:1360:6:HAL_TIM_PeriodElapsedCallback	0	static
D:/Document_from_C/2025_2/Henhung/BTL_me/HeNhung/Core/Src/main.c:1379:6:Error_Handler	0	static
