D:/Document_from_C/2025_2/Henhung/BTL_me/HeNhung/Core/Src/main.c:1120:13:SPI5_Write	1
D:/Document_from_C/2025_2/Henhung/BTL_me/HeNhung/Core/Src/main.c:1232:6:StartDefaultTask	1
D:/Document_from_C/2025_2/Henhung/BTL_me/HeNhung/Core/Src/main.c:200:13:BuzzerMusic_ApplyTone	3
D:/Document_from_C/2025_2/Henhung/BTL_me/HeNhung/Core/Src/main.c:226:13:BuzzerMusic_LoadLoopStep	1
D:/Document_from_C/2025_2/Henhung/BTL_me/HeNhung/Core/Src/main.c:253:6:BuzzerMusic_Init	2
D:/Document_from_C/2025_2/Henhung/BTL_me/HeNhung/Core/Src/main.c:302:6:BuzzerMusic_StartGameLoop	1
D:/Document_from_C/2025_2/Henhung/BTL_me/HeNhung/Core/Src/main.c:315:6:BuzzerMusic_Stop	1
D:/Document_from_C/2025_2/Henhung/BTL_me/HeNhung/Core/Src/main.c:324:6:BuzzerMusic_Update	7
D:/Document_from_C/2025_2/Henhung/BTL_me/HeNhung/Core/Src/main.c:354:6:BuzzerMusic_Accent	1
D:/Document_from_C/2025_2/Henhung/BTL_me/HeNhung/Core/Src/main.c:460:6:SystemClock_Config	1
D:/Document_from_C/2025_2/Henhung/BTL_me/HeNhung/Core/Src/main.c:863:6:MX_ADC1_Init	1
D:/Document_from_C/2025_2/Henhung/BTL_me/HeNhung/Core/Src/main.c:881:6:MX_USART1_UART_Init	1
D:/Document_from_C/2025_2/Henhung/BTL_me/HeNhung/Core/Src/main.c:367:5:main	1
D:/Document_from_C/2025_2/Henhung/BTL_me/HeNhung/Core/Src/main.c:964:6:IOE_Init	1
D:/Document_from_C/2025_2/Henhung/BTL_me/HeNhung/Core/Src/main.c:973:6:IOE_ITConfig	1
D:/Document_from_C/2025_2/Henhung/BTL_me/HeNhung/Core/Src/main.c:985:6:IOE_Write	1
D:/Document_from_C/2025_2/Henhung/BTL_me/HeNhung/Core/Src/main.c:996:9:IOE_Read	1
D:/Document_from_C/2025_2/Henhung/BTL_me/HeNhung/Core/Src/main.c:1009:10:IOE_ReadMultiple	1
D:/Document_from_C/2025_2/Henhung/BTL_me/HeNhung/Core/Src/main.c:1018:6:IOE_Delay	1
D:/Document_from_C/2025_2/Henhung/BTL_me/HeNhung/Core/Src/main.c:1146:6:LCD_IO_Init	1
D:/Document_from_C/2025_2/Henhung/BTL_me/HeNhung/Core/Src/main.c:1156:6:LCD_IO_WriteData	1
D:/Document_from_C/2025_2/Henhung/BTL_me/HeNhung/Core/Src/main.c:1172:6:LCD_IO_WriteReg	1
D:/Document_from_C/2025_2/Henhung/BTL_me/HeNhung/Core/Src/main.c:1191:10:LCD_IO_ReadData	1
D:/Document_from_C/2025_2/Henhung/BTL_me/HeNhung/Core/Src/main.c:1218:6:LCD_Delay	1
D:/Document_from_C/2025_2/Henhung/BTL_me/HeNhung/Core/Src/main.c:1251:6:HAL_TIM_PeriodElapsedCallback	2
D:/Document_from_C/2025_2/Henhung/BTL_me/HeNhung/Core/Src/main.c:1268:6:Error_Handler	1
