../Application/User/syscalls.c:75:6:initialise_monitor_handles	0	static
../Application/User/syscalls.c:79:5:_getpid	0	static
../Application/User/syscalls.c:84:5:_kill	8	static
../Application/User/syscalls.c:90:6:_exit	8	static
../Application/User/syscalls.c:96:27:_read	16	static
../Application/User/syscalls.c:119:5:_close	0	static
../Application/User/syscalls.c:125:5:_fstat	0	static
../Application/User/syscalls.c:131:5:_isatty	0	static
../Application/User/syscalls.c:136:5:_lseek	0	static
../Application/User/syscalls.c:141:5:_open	0	static
../Application/User/syscalls.c:147:5:_wait	8	static
../Application/User/syscalls.c:153:5:_unlink	8	static
../Application/User/syscalls.c:159:5:_times	0	static
../Application/User/syscalls.c:164:5:_stat	0	static
../Application/User/syscalls.c:170:5:_link	8	static
../Application/User/syscalls.c:176:5:_fork	8	static
../Application/User/syscalls.c:182:5:_execve	8	static
../Application/User/syscalls.c:187:27:_write	8	static
