../../Middlewares/ST/touchgfx/framework/include/touchgfx/Screen.hpp:104:18:virtual void touchgfx::Screen::afterTransition()	0	static
../../Middlewares/ST/touchgfx/framework/include/touchgfx/Screen.hpp:154:18:virtual void touchgfx::Screen::handleKeyEvent(uint8_t)	0	static
D:/Document_from_C/2025_2/Henhung/BTL_me/HeNhung/TouchGFX/gui/src/easyscreen_screen/EasyScreenView.cpp:95:6:virtual void EasyScreenView::tearDownScreen()	0	static
../../TouchGFX/gui/include/gui/easyscreen_screen/EasyScreenView.hpp:11:13:EasyScreenView::~EasyScreenView()	8	static
../../TouchGFX/gui/include/gui/easyscreen_screen/EasyScreenView.hpp:11:13:virtual EasyScreenView::~EasyScreenView()	8	static
../../Middlewares/ST/touchgfx/framework/include/touchgfx/Drawable.hpp:588:18:virtual void touchgfx::Drawable::moveTo(int16_t, int16_t)	4	static
D:/Document_from_C/2025_2/Henhung/BTL_me/HeNhung/TouchGFX/gui/src/easyscreen_screen/EasyScreenView.cpp:14:1:EasyScreenView::EasyScreenView()	8	static
D:/Document_from_C/2025_2/Henhung/BTL_me/HeNhung/TouchGFX/gui/src/easyscreen_screen/EasyScreenView.cpp:23:6:void EasyScreenView::invalidateAbsoluteArea(const touchgfx::Rect&, const touchgfx::Rect&)	32	static
D:/Document_from_C/2025_2/Henhung/BTL_me/HeNhung/TouchGFX/gui/src/easyscreen_screen/EasyScreenView.cpp:35:6:void EasyScreenView::moveBallTo(int16_t, int16_t)	40	static
D:/Document_from_C/2025_2/Henhung/BTL_me/HeNhung/TouchGFX/gui/src/easyscreen_screen/EasyScreenView.cpp:43:6:void EasyScreenView::updateAimLine(touchgfx::Line&, float, float, float, bool)	56	static
D:/Document_from_C/2025_2/Henhung/BTL_me/HeNhung/TouchGFX/gui/src/easyscreen_screen/EasyScreenView.cpp:55:6:virtual void EasyScreenView::setupScreen()	24	static
D:/Document_from_C/2025_2/Henhung/BTL_me/HeNhung/TouchGFX/gui/src/easyscreen_screen/EasyScreenView.cpp:102:6:virtual void EasyScreenView::handleTickEvent()	48	static
