../../Middlewares/ST/touchgfx/framework/include/touchgfx/Screen.hpp:104:18:virtual void touchgfx::Screen::afterTransition()	0	static
../../Middlewares/ST/touchgfx/framework/include/touchgfx/Screen.hpp:154:18:virtual void touchgfx::Screen::handleKeyEvent(uint8_t)	0	static
D:/Document_from_C/2025_2/Henhung/btl_157/MyApp/TouchGFX/gui/src/easyscreen_screen/EasyScreenView.cpp:63:6:virtual void EasyScreenView::tearDownScreen()	0	static
../../TouchGFX/gui/include/gui/easyscreen_screen/EasyScreenView.hpp:11:13:EasyScreenView::~EasyScreenView()	8	static
../../TouchGFX/gui/include/gui/easyscreen_screen/EasyScreenView.hpp:11:13:virtual EasyScreenView::~EasyScreenView()	8	static
../../Middlewares/ST/touchgfx/framework/include/touchgfx/Drawable.hpp:233:10:void touchgfx::Drawable::setPosition(int16_t, int16_t, int16_t, int16_t)	24	static
../../Middlewares/ST/touchgfx/framework/include/touchgfx/Drawable.hpp:588:18:virtual void touchgfx::Drawable::moveTo(int16_t, int16_t)	4	static
D:/Document_from_C/2025_2/Henhung/btl_157/MyApp/TouchGFX/gui/src/easyscreen_screen/EasyScreenView.cpp:14:1:EasyScreenView::EasyScreenView()	8	static
../../Middlewares/ST/touchgfx/framework/include/touchgfx/widgets/canvas/Line.hpp:95:10:void touchgfx::Line::setStart(T, T) [with T = int]	0	static
../../Middlewares/ST/touchgfx/framework/include/touchgfx/widgets/canvas/Line.hpp:171:10:void touchgfx::Line::setEnd(T, T) [with T = float]	0	static
D:/Document_from_C/2025_2/Henhung/btl_157/MyApp/TouchGFX/gui/src/easyscreen_screen/EasyScreenView.cpp:24:6:virtual void EasyScreenView::setupScreen()	24	static
D:/Document_from_C/2025_2/Henhung/btl_157/MyApp/TouchGFX/gui/src/easyscreen_screen/EasyScreenView.cpp:69:6:virtual void EasyScreenView::handleTickEvent()	72	static
