../../Middlewares/ST/touchgfx/framework/include/touchgfx/Screen.hpp:104:18:virtual void touchgfx::Screen::afterTransition()	0	static
../../Middlewares/ST/touchgfx/framework/include/touchgfx/Screen.hpp:154:18:virtual void touchgfx::Screen::handleKeyEvent(uint8_t)	0	static
D:/Document_from_C/2025_2/Henhung/btl_157/MyApp/TouchGFX/gui/src/easyreadyscreen_screen/EasyReadyScreenView.cpp:15:6:virtual void EasyReadyScreenView::tearDownScreen()	0	static
../../TouchGFX/gui/include/gui/easyreadyscreen_screen/EasyReadyScreenView.hpp:11:13:EasyReadyScreenView::~EasyReadyScreenView()	8	static
../../TouchGFX/gui/include/gui/easyreadyscreen_screen/EasyReadyScreenView.hpp:11:13:virtual EasyReadyScreenView::~EasyReadyScreenView()	8	static
D:/Document_from_C/2025_2/Henhung/btl_157/MyApp/TouchGFX/gui/src/easyreadyscreen_screen/EasyReadyScreenView.cpp:19:6:virtual void EasyReadyScreenView::handleTickEvent()	8	static
D:/Document_from_C/2025_2/Henhung/btl_157/MyApp/TouchGFX/gui/src/easyreadyscreen_screen/EasyReadyScreenView.cpp:3:1:EasyReadyScreenView::EasyReadyScreenView()	8	static
D:/Document_from_C/2025_2/Henhung/btl_157/MyApp/TouchGFX/gui/src/easyreadyscreen_screen/EasyReadyScreenView.cpp:9:6:virtual void EasyReadyScreenView::setupScreen()	8	static
D:/Document_from_C/2025_2/Henhung/btl_157/MyApp/TouchGFX/gui/src/easyreadyscreen_screen/EasyReadyScreenView.cpp:32:6:virtual void EasyReadyScreenView::updateCounter(int)	24	static
