../../Middlewares/ST/touchgfx/framework/include/touchgfx/Screen.hpp:104:18:virtual void touchgfx::Screen::afterTransition()	0	static
../../Middlewares/ST/touchgfx/framework/include/touchgfx/Screen.hpp:154:18:virtual void touchgfx::Screen::handleKeyEvent(uint8_t)	0	static
D:/Document_from_C/2025_2/Henhung/btl_157/MyApp/TouchGFX/gui/src/hardscreen_screen/HardScreenView.cpp:54:6:virtual void HardScreenView::tearDownScreen()	0	static
../../TouchGFX/gui/include/gui/hardscreen_screen/HardScreenView.hpp:11:13:HardScreenView::~HardScreenView()	8	static
../../TouchGFX/gui/include/gui/hardscreen_screen/HardScreenView.hpp:11:13:virtual HardScreenView::~HardScreenView()	8	static
../../Middlewares/ST/touchgfx/framework/include/touchgfx/Drawable.hpp:233:10:void touchgfx::Drawable::setPosition(int16_t, int16_t, int16_t, int16_t)	24	static
../../Middlewares/ST/touchgfx/framework/include/touchgfx/Drawable.hpp:588:18:virtual void touchgfx::Drawable::moveTo(int16_t, int16_t)	4	static
D:/Document_from_C/2025_2/Henhung/btl_157/MyApp/TouchGFX/gui/src/hardscreen_screen/HardScreenView.cpp:9:1:HardScreenView::HardScreenView()	8	static
../../Middlewares/ST/touchgfx/framework/include/touchgfx/widgets/canvas/Line.hpp:95:10:void touchgfx::Line::setStart(T, T) [with T = int]	0	static
../../Middlewares/ST/touchgfx/framework/include/touchgfx/widgets/canvas/Line.hpp:171:10:void touchgfx::Line::setEnd(T, T) [with T = float]	0	static
D:/Document_from_C/2025_2/Henhung/btl_157/MyApp/TouchGFX/gui/src/hardscreen_screen/HardScreenView.cpp:17:6:virtual void HardScreenView::setupScreen()	24	static
D:/Document_from_C/2025_2/Henhung/btl_157/MyApp/TouchGFX/gui/src/hardscreen_screen/HardScreenView.cpp:59:6:virtual void HardScreenView::handleTickEvent()	72	static
