../../Middlewares/ST/touchgfx/framework/include/touchgfx/Screen.hpp:104:18:virtual void touchgfx::Screen::afterTransition()	0	static
../../Middlewares/ST/touchgfx/framework/include/touchgfx/Screen.hpp:154:18:virtual void touchgfx::Screen::handleKeyEvent(uint8_t)	0	static
D:/Document_from_C/2025_2/Henhung/BTL_me/HeNhung/TouchGFX/gui/src/mediumscreen_screen/MediumScreenView.cpp:177:6:virtual void MediumScreenView::tearDownScreen()	0	static
../../TouchGFX/gui/include/gui/mediumscreen_screen/MediumScreenView.hpp:11:13:MediumScreenView::~MediumScreenView()	8	static
../../TouchGFX/gui/include/gui/mediumscreen_screen/MediumScreenView.hpp:11:13:virtual MediumScreenView::~MediumScreenView()	8	static
D:/Document_from_C/2025_2/Henhung/BTL_me/HeNhung/TouchGFX/gui/src/mediumscreen_screen/MediumScreenView.cpp:24:6:void {anonymous}::applyPaddleBounce(float&, float&, float&, float&, int, int, const touchgfx::Box&, bool)	48	static
../../Middlewares/ST/touchgfx/framework/include/touchgfx/hal/Types.hpp:192:10:bool touchgfx::Rect::intersect(const touchgfx::Rect&) const	8	static
../../Middlewares/ST/touchgfx/framework/include/touchgfx/Drawable.hpp:588:18:virtual void touchgfx::Drawable::moveTo(int16_t, int16_t)	4	static
D:/Document_from_C/2025_2/Henhung/BTL_me/HeNhung/TouchGFX/gui/src/mediumscreen_screen/MediumScreenView.cpp:54:1:MediumScreenView::MediumScreenView()	8	static
D:/Document_from_C/2025_2/Henhung/BTL_me/HeNhung/TouchGFX/gui/src/mediumscreen_screen/MediumScreenView.cpp:75:6:void MediumScreenView::refreshStaticBars(const touchgfx::Rect&)	24	static
D:/Document_from_C/2025_2/Henhung/BTL_me/HeNhung/TouchGFX/gui/src/mediumscreen_screen/MediumScreenView.cpp:62:6:void MediumScreenView::invalidateAbsoluteArea(const touchgfx::Rect&, const touchgfx::Rect&)	40	static
D:/Document_from_C/2025_2/Henhung/BTL_me/HeNhung/TouchGFX/gui/src/mediumscreen_screen/MediumScreenView.cpp:97:6:void MediumScreenView::moveBallTo(int16_t, int16_t)	40	static
D:/Document_from_C/2025_2/Henhung/BTL_me/HeNhung/TouchGFX/gui/src/mediumscreen_screen/MediumScreenView.cpp:105:6:void MediumScreenView::updateAimLine(touchgfx::Line&, float, float, float, bool)	56	static
D:/Document_from_C/2025_2/Henhung/BTL_me/HeNhung/TouchGFX/gui/src/mediumscreen_screen/MediumScreenView.cpp:116:6:void MediumScreenView::hideAimLines()	16	static
D:/Document_from_C/2025_2/Henhung/BTL_me/HeNhung/TouchGFX/gui/src/mediumscreen_screen/MediumScreenView.cpp:125:6:void MediumScreenView::showAimLineForPlayer(int)	16	static
D:/Document_from_C/2025_2/Henhung/BTL_me/HeNhung/TouchGFX/gui/src/mediumscreen_screen/MediumScreenView.cpp:87:6:void MediumScreenView::refreshStaticScene()	8	static
D:/Document_from_C/2025_2/Henhung/BTL_me/HeNhung/TouchGFX/gui/src/mediumscreen_screen/MediumScreenView.cpp:142:6:virtual void MediumScreenView::setupScreen()	24	static
D:/Document_from_C/2025_2/Henhung/BTL_me/HeNhung/TouchGFX/gui/src/mediumscreen_screen/MediumScreenView.cpp:182:6:virtual void MediumScreenView::handleTickEvent()	64	static
