../../Middlewares/ST/touchgfx/framework/include/touchgfx/Screen.hpp:104:18:virtual void touchgfx::Screen::afterTransition()	0	static
../../Middlewares/ST/touchgfx/framework/include/touchgfx/Screen.hpp:154:18:virtual void touchgfx::Screen::handleKeyEvent(uint8_t)	0	static
D:/Document_from_C/2025_2/Henhung/BTL_me/HeNhung/TouchGFX/gui/src/mediumreadyscreen_screen/MediumReadyScreenView.cpp:14:6:virtual void MediumReadyScreenView::tearDownScreen()	0	static
../../TouchGFX/gui/include/gui/mediumreadyscreen_screen/MediumReadyScreenView.hpp:11:13:MediumReadyScreenView::~MediumReadyScreenView()	8	static
../../TouchGFX/gui/include/gui/mediumreadyscreen_screen/MediumReadyScreenView.hpp:11:13:virtual MediumReadyScreenView::~MediumReadyScreenView()	8	static
D:/Document_from_C/2025_2/Henhung/BTL_me/HeNhung/TouchGFX/gui/src/mediumreadyscreen_screen/MediumReadyScreenView.cpp:18:6:virtual void MediumReadyScreenView::handleTickEvent()	8	static
D:/Document_from_C/2025_2/Henhung/BTL_me/HeNhung/TouchGFX/gui/src/mediumreadyscreen_screen/MediumReadyScreenView.cpp:3:1:MediumReadyScreenView::MediumReadyScreenView()	8	static
D:/Document_from_C/2025_2/Henhung/BTL_me/HeNhung/TouchGFX/gui/src/mediumreadyscreen_screen/MediumReadyScreenView.cpp:8:6:virtual void MediumReadyScreenView::setupScreen()	8	static
D:/Document_from_C/2025_2/Henhung/BTL_me/HeNhung/TouchGFX/gui/src/mediumreadyscreen_screen/MediumReadyScreenView.cpp:31:6:virtual void MediumReadyScreenView::updateCounter(int)	24	static
