../../Middlewares/ST/touchgfx/framework/include/touchgfx/Screen.hpp:104:18:virtual void touchgfx::Screen::afterTransition()	0	static
../../Middlewares/ST/touchgfx/framework/include/touchgfx/Screen.hpp:144:18:virtual void touchgfx::Screen::handleTickEvent()	0	static
../../Middlewares/ST/touchgfx/framework/include/touchgfx/Screen.hpp:154:18:virtual void touchgfx::Screen::handleKeyEvent(uint8_t)	0	static
../../TouchGFX/generated/gui_generated/include/gui_generated/startscreen_screen/StartScreenViewBase.hpp:26:18:virtual void StartScreenViewBase::action1()	0	static
D:/Document_from_C/2025_2/Henhung/BTL_me/HeNhung/TouchGFX/gui/src/startscreen_screen/StartScreenView.cpp:13:6:virtual void StartScreenView::tearDownScreen()	0	static
../../TouchGFX/gui/include/gui/startscreen_screen/StartScreenView.hpp:11:13:StartScreenView::~StartScreenView()	8	static
../../TouchGFX/gui/include/gui/startscreen_screen/StartScreenView.hpp:11:13:virtual StartScreenView::~StartScreenView()	8	static
D:/Document_from_C/2025_2/Henhung/BTL_me/HeNhung/TouchGFX/gui/src/startscreen_screen/StartScreenView.cpp:3:1:StartScreenView::StartScreenView()	8	static
D:/Document_from_C/2025_2/Henhung/BTL_me/HeNhung/TouchGFX/gui/src/startscreen_screen/StartScreenView.cpp:8:6:virtual void StartScreenView::setupScreen()	0	static
