../../Middlewares/ST/touchgfx/framework/include/touchgfx/Application.hpp:72:18:virtual void touchgfx::Application::changeToStartScreen()	0	static
../../Middlewares/ST/touchgfx/framework/include/touchgfx/Application.hpp:91:18:virtual void touchgfx::Application::appSwitchScreen(uint8_t)	0	static
../../Middlewares/ST/touchgfx/framework/include/touchgfx/Application.hpp:104:18:virtual void touchgfx::Application::requestRedraw(touchgfx::Rect&)	0	static
../../Middlewares/ST/touchgfx/framework/include/touchgfx/transitions/Transition.hpp:72:18:virtual void touchgfx::Transition::tearDown()	0	static
../../Middlewares/ST/touchgfx/framework/include/touchgfx/transitions/Transition.hpp:80:18:virtual void touchgfx::Transition::init()	0	static
../../Middlewares/ST/touchgfx/framework/include/touchgfx/transitions/Transition.hpp:100:18:virtual void touchgfx::Transition::setScreenContainer(touchgfx::Container&)	0	static
../../Middlewares/ST/touchgfx/framework/include/mvp/MVPApplication.hpp:43:7:touchgfx::MVPApplication::~MVPApplication()	0	static
../../Middlewares/ST/touchgfx/framework/include/touchgfx/Callback.hpp:424:8:touchgfx::Callback<FrontendApplicationBase>::~Callback()	0	static
../../TouchGFX/generated/gui_generated/include/gui_generated/common/FrontendApplicationBase.hpp:16:13:FrontendApplicationBase::~FrontendApplicationBase()	0	static
../../TouchGFX/generated/gui_generated/include/gui_generated/common/FrontendApplicationBase.hpp:18:18:virtual void FrontendApplicationBase::changeToStartScreen()	0	static
../../Middlewares/ST/touchgfx/framework/include/touchgfx/transitions/NoTransition.hpp:35:18:virtual void touchgfx::NoTransition::handleTickEvent()	0	static
../../Middlewares/ST/touchgfx/framework/include/touchgfx/transitions/WipeTransition.hpp:37:7:touchgfx::WipeTransition<touchgfx::EAST>::~WipeTransition()	0	static
../../Middlewares/ST/touchgfx/framework/include/touchgfx/transitions/NoTransition.hpp:31:7:touchgfx::NoTransition::~NoTransition()	0	static
../../Middlewares/ST/touchgfx/framework/include/touchgfx/transitions/WipeTransition.hpp:144:18:void touchgfx::WipeTransition<templateDirection>::init() [with touchgfx::Direction templateDirection = touchgfx::EAST]	0	static
../../Middlewares/ST/touchgfx/framework/include/touchgfx/Callback.hpp:449:18:void touchgfx::Callback<dest_type, void, void, void>::execute() [with dest_type = FrontendApplicationBase]	4	static
../../Middlewares/ST/touchgfx/framework/include/touchgfx/Callback.hpp:459:18:bool touchgfx::Callback<dest_type, void, void, void>::isValid() const [with dest_type = FrontendApplicationBase]	0	static
../../Middlewares/ST/touchgfx/framework/include/touchgfx/transitions/NoTransition.hpp:31:7:virtual touchgfx::NoTransition::~NoTransition()	8	static
../../Middlewares/ST/touchgfx/framework/include/touchgfx/transitions/WipeTransition.hpp:37:7:virtual touchgfx::WipeTransition<touchgfx::EAST>::~WipeTransition()	8	static
../../Middlewares/ST/touchgfx/framework/include/touchgfx/Callback.hpp:424:8:virtual touchgfx::Callback<FrontendApplicationBase>::~Callback()	8	static
../../Middlewares/ST/touchgfx/framework/include/mvp/MVPApplication.hpp:43:7:virtual touchgfx::MVPApplication::~MVPApplication()	8	static
../../TouchGFX/generated/gui_generated/include/gui_generated/common/FrontendApplicationBase.hpp:16:13:virtual FrontendApplicationBase::~FrontendApplicationBase()	8	static
../../Middlewares/ST/touchgfx/framework/include/touchgfx/transitions/Transition.hpp:89:18:virtual void touchgfx::Transition::invalidate()	8	static
../../Middlewares/ST/touchgfx/framework/include/touchgfx/transitions/WipeTransition.hpp:149:18:void touchgfx::WipeTransition<templateDirection>::invalidate() [with touchgfx::Direction templateDirection = touchgfx::EAST]	8	static
../../Middlewares/ST/touchgfx/framework/include/touchgfx/transitions/WipeTransition.hpp:69:18:void touchgfx::WipeTransition<templateDirection>::handleTickEvent() [with touchgfx::Direction templateDirection = touchgfx::EAST]	16	static
../../Middlewares/ST/touchgfx/framework/include/mvp/MVPApplication.hpp:59:18:virtual void touchgfx::MVPApplication::handlePendingScreenTransition()	8	static
../../Middlewares/ST/touchgfx/framework/include/touchgfx/hal/HAL.hpp:310:17:static touchgfx::LCD& touchgfx::HAL::lcd()	0	static
D:/Document_from_C/2025_2/Henhung/BTL_me/HeNhung/TouchGFX/generated/gui_generated/src/common/FrontendApplicationBase.cpp:31:1:FrontendApplicationBase::FrontendApplicationBase(Model&, FrontendHeap&)	24	static
D:/Document_from_C/2025_2/Henhung/BTL_me/HeNhung/TouchGFX/generated/gui_generated/src/common/FrontendApplicationBase.cpp:50:6:void FrontendApplicationBase::gotoStartScreenScreenNoTransition()	0	static
D:/Document_from_C/2025_2/Henhung/BTL_me/HeNhung/TouchGFX/generated/gui_generated/src/common/FrontendApplicationBase.cpp:61:6:void FrontendApplicationBase::gotoStartScreenScreenWipeTransitionEast()	0	static
D:/Document_from_C/2025_2/Henhung/BTL_me/HeNhung/TouchGFX/generated/gui_generated/src/common/FrontendApplicationBase.cpp:74:6:void FrontendApplicationBase::gotoHardScreenScreenNoTransition()	0	static
D:/Document_from_C/2025_2/Henhung/BTL_me/HeNhung/TouchGFX/generated/gui_generated/src/common/FrontendApplicationBase.cpp:87:6:void FrontendApplicationBase::gotoHardReadyScreenScreenWipeTransitionEast()	0	static
D:/Document_from_C/2025_2/Henhung/BTL_me/HeNhung/TouchGFX/generated/gui_generated/src/common/FrontendApplicationBase.cpp:100:6:void FrontendApplicationBase::gotoMediumScreenScreenNoTransition()	0	static
D:/Document_from_C/2025_2/Henhung/BTL_me/HeNhung/TouchGFX/generated/gui_generated/src/common/FrontendApplicationBase.cpp:113:6:void FrontendApplicationBase::gotoMediumReadyScreenScreenWipeTransitionEast()	0	static
D:/Document_from_C/2025_2/Henhung/BTL_me/HeNhung/TouchGFX/generated/gui_generated/src/common/FrontendApplicationBase.cpp:126:6:void FrontendApplicationBase::gotoEasyScreenScreenNoTransition()	0	static
D:/Document_from_C/2025_2/Henhung/BTL_me/HeNhung/TouchGFX/generated/gui_generated/src/common/FrontendApplicationBase.cpp:139:6:void FrontendApplicationBase::gotoEasyReadyScreenScreenWipeTransitionEast()	0	static
D:/Document_from_C/2025_2/Henhung/BTL_me/HeNhung/TouchGFX/generated/gui_generated/src/common/FrontendApplicationBase.cpp:152:6:void FrontendApplicationBase::gotoEndScreenScreenNoTransition()	0	static
../../Middlewares/ST/touchgfx/framework/include/common/AbstractPartition.hpp:135:8:T& touchgfx::AbstractPartition::at(uint16_t) [with T = touchgfx::NoTransition]	0	static
D:/Document_from_C/2025_2/Henhung/BTL_me/HeNhung/TouchGFX/generated/gui_generated/src/common/FrontendApplicationBase.cpp:158:6:void FrontendApplicationBase::gotoEndScreenScreenNoTransitionImpl()	40	static
D:/Document_from_C/2025_2/Henhung/BTL_me/HeNhung/TouchGFX/generated/gui_generated/src/common/FrontendApplicationBase.cpp:132:6:void FrontendApplicationBase::gotoEasyScreenScreenNoTransitionImpl()	40	static
D:/Document_from_C/2025_2/Henhung/BTL_me/HeNhung/TouchGFX/generated/gui_generated/src/common/FrontendApplicationBase.cpp:106:6:void FrontendApplicationBase::gotoMediumScreenScreenNoTransitionImpl()	40	static
D:/Document_from_C/2025_2/Henhung/BTL_me/HeNhung/TouchGFX/generated/gui_generated/src/common/FrontendApplicationBase.cpp:80:6:void FrontendApplicationBase::gotoHardScreenScreenNoTransitionImpl()	40	static
D:/Document_from_C/2025_2/Henhung/BTL_me/HeNhung/TouchGFX/generated/gui_generated/src/common/FrontendApplicationBase.cpp:56:6:void FrontendApplicationBase::gotoStartScreenScreenNoTransitionImpl()	40	static
../../Middlewares/ST/touchgfx/framework/include/common/AbstractPartition.hpp:135:8:T& touchgfx::AbstractPartition::at(uint16_t) [with T = touchgfx::WipeTransition<touchgfx::EAST>]	0	static
D:/Document_from_C/2025_2/Henhung/BTL_me/HeNhung/TouchGFX/generated/gui_generated/src/common/FrontendApplicationBase.cpp:145:6:void FrontendApplicationBase::gotoEasyReadyScreenScreenWipeTransitionEastImpl()	40	static
D:/Document_from_C/2025_2/Henhung/BTL_me/HeNhung/TouchGFX/generated/gui_generated/src/common/FrontendApplicationBase.cpp:119:6:void FrontendApplicationBase::gotoMediumReadyScreenScreenWipeTransitionEastImpl()	40	static
D:/Document_from_C/2025_2/Henhung/BTL_me/HeNhung/TouchGFX/generated/gui_generated/src/common/FrontendApplicationBase.cpp:93:6:void FrontendApplicationBase::gotoHardReadyScreenScreenWipeTransitionEastImpl()	40	static
D:/Document_from_C/2025_2/Henhung/BTL_me/HeNhung/TouchGFX/generated/gui_generated/src/common/FrontendApplicationBase.cpp:67:6:void FrontendApplicationBase::gotoStartScreenScreenWipeTransitionEastImpl()	40	static
